../Core/Src/main.c:121:1:CAN_SendTemperatureStatistics	32	static
../Core/Src/main.c:165:13:CAN_Init_Filter	48	static
../Core/Src/main.c:182:13:ADC1_SetLongSampleTime	24	static
../Core/Src/main.c:196:26:MUX_WriteRaw	24	static
../Core/Src/main.c:210:26:MUX_Disable	16	static
../Core/Src/main.c:215:13:MUX_DisableAll	8	static
../Core/Src/main.c:222:26:MUX_SelectChannel	24	static
../Core/Src/main.c:250:17:ADC1_ReadRaw	16	static
../Core/Src/main.c:274:17:ADC1_ReadRawSettled	8	static
../Core/Src/main.c:280:14:SensorVoltageToTempC	48	static
../Core/Src/main.c:316:13:ScanAllMuxChannels	104	static
../Core/Src/main.c:386:5:main	24	static
../Core/Src/main.c:468:6:SystemClock_Config	88	static
../Core/Src/main.c:513:13:MX_ADC1_Init	24	static
../Core/Src/main.c:552:13:MX_CAN_Init	8	static
../Core/Src/main.c:574:13:MX_SPI1_Init	8	static
../Core/Src/main.c:608:13:MX_TIM4_Init	32	static
../Core/Src/main.c:652:13:MX_USART1_UART_Init	8	static
../Core/Src/main.c:682:13:MX_GPIO_Init	40	static
../Core/Src/main.c:708:6:Error_Handler	4	static,ignoring_inline_asm
