../Core/Src/main.c:100:26:CAN_SendChannelTemp	24	static
../Core/Src/main.c:125:26:CAN_SendTemperatureStatistics	24	static
../Core/Src/main.c:149:13:CAN_Init_Filter	48	static
../Core/Src/main.c:166:13:ADC1_SetLongSampleTime	24	static
../Core/Src/main.c:178:26:MUX_WriteRaw	24	static
../Core/Src/main.c:192:26:MUX_Disable	16	static
../Core/Src/main.c:196:13:MUX_DisableAll	8	static
../Core/Src/main.c:202:26:MUX_SelectChannel	24	static
../Core/Src/main.c:224:17:ADC1_ReadRaw	16	static
../Core/Src/main.c:244:17:ADC1_ReadRawSettled	8	static
../Core/Src/main.c:249:14:SensorVoltageToTempC	48	static
../Core/Src/main.c:287:13:ScanAllMuxChannels	80	static
../Core/Src/main.c:433:5:main	48	static
../Core/Src/main.c:503:6:SystemClock_Config	88	static
../Core/Src/main.c:544:13:MX_ADC1_Init	24	static
../Core/Src/main.c:572:13:MX_CAN_Init	8	static
../Core/Src/main.c:593:13:MX_SPI1_Init	8	static
../Core/Src/main.c:616:13:MX_TIM4_Init	32	static
../Core/Src/main.c:648:13:MX_USART1_UART_Init	8	static
../Core/Src/main.c:667:13:MX_GPIO_Init	40	static
../Core/Src/main.c:689:6:Error_Handler	4	static,ignoring_inline_asm
