../Core/Src/main.c:128:26:CAN_SendChannelTemp	24	static
../Core/Src/main.c:152:26:CAN_SendTemperatureStatistics	32	static
../Core/Src/main.c:195:13:CAN_Init_Filter	48	static
../Core/Src/main.c:212:13:ADC1_SetLongSampleTime	24	static
../Core/Src/main.c:224:26:MUX_WriteRaw	24	static
../Core/Src/main.c:238:26:MUX_Disable	16	static
../Core/Src/main.c:242:13:MUX_DisableAll	8	static
../Core/Src/main.c:248:26:MUX_SelectChannel	24	static
../Core/Src/main.c:270:17:ADC1_ReadRaw	16	static
../Core/Src/main.c:290:17:ADC1_ReadRawSettled	8	static
../Core/Src/main.c:295:14:SensorVoltageToTempC	48	static
../Core/Src/main.c:329:13:ScanAllMuxChannels	72	static
../Core/Src/main.c:421:5:main	24	static
../Core/Src/main.c:493:6:SystemClock_Config	88	static
../Core/Src/main.c:534:13:MX_ADC1_Init	24	static
../Core/Src/main.c:570:13:MX_CAN_Init	8	static
../Core/Src/main.c:591:13:MX_SPI1_Init	8	static
../Core/Src/main.c:623:13:MX_TIM4_Init	32	static
../Core/Src/main.c:664:13:MX_USART1_UART_Init	8	static
../Core/Src/main.c:692:13:MX_GPIO_Init	40	static
../Core/Src/main.c:717:6:Error_Handler	4	static,ignoring_inline_asm
