../Core/Src/main.c:105:13:ADC1_SetLongSampleTime	24	static
../Core/Src/main.c:119:26:MUX_WriteRaw	24	static
../Core/Src/main.c:133:26:MUX_Disable	16	static
../Core/Src/main.c:138:13:MUX_DisableAll	8	static
../Core/Src/main.c:145:26:MUX_SelectChannel	24	static
../Core/Src/main.c:173:17:ADC1_ReadRaw	16	static
../Core/Src/main.c:197:17:ADC1_ReadRawSettled	8	static
../Core/Src/main.c:203:14:SensorVoltageToTempC	48	static
../Core/Src/main.c:239:13:ScanAllMuxChannels	80	static
../Core/Src/main.c:284:5:main	8	static
../Core/Src/main.c:343:6:SystemClock_Config	88	static
../Core/Src/main.c:388:13:MX_ADC1_Init	24	static
../Core/Src/main.c:427:13:MX_CAN_Init	8	static
../Core/Src/main.c:461:13:MX_SPI1_Init	8	static
../Core/Src/main.c:495:13:MX_TIM4_Init	32	static
../Core/Src/main.c:539:13:MX_USART1_UART_Init	8	static
../Core/Src/main.c:569:13:MX_GPIO_Init	40	static
../Core/Src/main.c:599:6:Error_Handler	4	static,ignoring_inline_asm
