../Core/Src/main.c:110:26:CAN_SendChannelTemp	24	static
../Core/Src/main.c:135:1:CAN_SendTemperatureStatistics	24	static
../Core/Src/main.c:161:13:CAN_Init_Filter	48	static
../Core/Src/main.c:178:13:ADC1_SetLongSampleTime	24	static
../Core/Src/main.c:190:26:MUX_WriteRaw	24	static
../Core/Src/main.c:203:26:MUX_Disable	16	static
../Core/Src/main.c:207:13:MUX_DisableAll	8	static
../Core/Src/main.c:213:26:MUX_SelectChannel	24	static
../Core/Src/main.c:235:17:ADC1_ReadRaw	16	static
../Core/Src/main.c:255:17:ADC1_ReadRawSettled	8	static
../Core/Src/main.c:260:14:SensorVoltageToTempC	48	static
../Core/Src/main.c:294:13:ScanAllMuxChannels	80	static
../Core/Src/main.c:417:5:main	32	static
../Core/Src/main.c:497:6:SystemClock_Config	88	static
../Core/Src/main.c:538:13:MX_ADC1_Init	24	static
../Core/Src/main.c:574:13:MX_CAN_Init	8	static
../Core/Src/main.c:595:13:MX_SPI1_Init	8	static
../Core/Src/main.c:627:13:MX_TIM4_Init	32	static
../Core/Src/main.c:667:13:MX_USART1_UART_Init	8	static
../Core/Src/main.c:695:13:MX_GPIO_Init	40	static
../Core/Src/main.c:719:6:Error_Handler	4	static,ignoring_inline_asm
