../Core/Src/main.c:190:26:MUX_WriteRaw	24	static
../Core/Src/main.c:235:17:ADC1_ReadRaw	8	static,ignoring_inline_asm
../Core/Src/main.c:135:1:CAN_SendTemperatureStatistics.isra	4	static
../Core/Src/main.c:110:26:CAN_SendChannelTemp.isra	4	static
../Core/Src/main.c:207:13:MUX_DisableAll	8	static
../Core/Src/main.c:294:13:ScanAllMuxChannels	80	static
../Core/Src/main.c:103:5:_write	8	static
../Core/Src/main.c:497:6:SystemClock_Config	88	static,ignoring_inline_asm
../Core/Src/main.c:417:5:main	72	static,ignoring_inline_asm
../Core/Src/main.c:719:6:Error_Handler	0	static,ignoring_inline_asm
