../Core/Src/main.c:228:26:MUX_WriteRaw	24	static
../Core/Src/main.c:274:17:ADC1_ReadRaw	8	static,ignoring_inline_asm
../Core/Src/main.c:174:26:CAN_SendTemperatureStatistics.isra	4	static
../Core/Src/main.c:246:13:MUX_DisableAll	8	static
../Core/Src/main.c:134:5:_write	8	static
../Core/Src/main.c:141:6:delay_us	8	static
../Core/Src/main.c:566:6:SystemClock_Config	88	static,ignoring_inline_asm
../Core/Src/main.c:486:5:main	144	static,ignoring_inline_asm
../Core/Src/main.c:751:6:Error_Handler	0	static,ignoring_inline_asm
