../Core/Src/stm32f1xx_hal_msp.c:62:6:HAL_MspInit	8	static
../Core/Src/stm32f1xx_hal_msp.c:89:6:HAL_ADC_MspInit	32	static
../Core/Src/stm32f1xx_hal_msp.c:122:6:HAL_ADC_MspDeInit	0	static
../Core/Src/stm32f1xx_hal_msp.c:150:6:HAL_CAN_MspInit	32	static
../Core/Src/stm32f1xx_hal_msp.c:190:6:HAL_CAN_MspDeInit	0	static
../Core/Src/stm32f1xx_hal_msp.c:219:6:HAL_SPI_MspInit	32	static
../Core/Src/stm32f1xx_hal_msp.c:254:6:HAL_SPI_MspDeInit	0	static
../Core/Src/stm32f1xx_hal_msp.c:283:6:HAL_TIM_Base_MspInit	8	static
../Core/Src/stm32f1xx_hal_msp.c:306:6:HAL_TIM_Base_MspDeInit	0	static
../Core/Src/stm32f1xx_hal_msp.c:328:6:HAL_UART_MspInit	32	static
../Core/Src/stm32f1xx_hal_msp.c:368:6:HAL_UART_MspDeInit	0	static
